<?xml version="1.0" encoding="utf-8"?><testsuites><testsuite name="pytest" errors="0" failures="0" skipped="0" tests="4" time="3.602" timestamp="2024-04-03T19:06:17.725965" hostname="ACTIVO-COL130"><testcase classname="tests.api.test_api.TestBatchPipeline" name="test_should_failed_unkown_column_1" time="0.058" /><testcase classname="tests.api.test_api.TestBatchPipeline" name="test_should_failed_unkown_column_2" time="0.015" /><testcase classname="tests.api.test_api.TestBatchPipeline" name="test_should_failed_unkown_column_3" time="0.014" /><testcase classname="tests.api.test_api.TestBatchPipeline" name="test_should_get_predict" time="0.049" /></testsuite></testsuites>